src/modules/sales-orders/sales-order.service.ts(720,76): error TS7006: Parameter 'p' implicitly has an 'any' type.
