{"level":"info","message":"Firebase Admin SDK initialized successfully","timestamp":"2026-03-23 08:04:52"}
{"level":"info","message":"Firebase Admin SDK initialized successfully","timestamp":"2026-03-23 08:04:52"}
{"factoryId":"fac-1","level":"info","message":"Stock delivered successfully","productId":"prod-1","quantity":10,"timestamp":"2026-03-23 08:04:52"}
{"factoryId":"fac-1","level":"info","message":"Stock delivered successfully","productId":"prod-2","quantity":5,"timestamp":"2026-03-23 08:04:52"}
{"count":0,"filters":{"status":"pending"},"level":"info","message":"Pending payments fetched","timestamp":"2026-03-23 08:04:52"}
{"count":0,"filters":{"status":"paid"},"level":"info","message":"Pending payments fetched","timestamp":"2026-03-23 08:04:52"}
{"level":"warn","message":"Sales order not found","orderId":"non-existent","timestamp":"2026-03-23 08:04:52"}
{"count":0,"filters":{"status":"overdue"},"level":"info","message":"Pending payments fetched","timestamp":"2026-03-23 08:04:52"}
{"count":0,"filters":{"status":"all"},"level":"info","message":"Pending payments fetched","timestamp":"2026-03-23 08:04:52"}
{"count":0,"filters":{"customer_id":"cust-1"},"level":"info","message":"Pending payments fetched","timestamp":"2026-03-23 08:04:52"}
FAIL src/modules/sales-orders/__tests__/sales-order.service.test.ts
  SalesOrderService
    ├ù should calculate totals and discounts correctly during delivery (5 ms)
    getPendingPayments
      ΓêÜ should filter by pending status (balance_due > 0) (2 ms)
      ΓêÜ should filter by paid status (balance_due = 0) (1 ms)
      ΓêÜ should return null if order is not found
      ΓêÜ should filter by overdue status
      ΓêÜ should not apply balance filter when status is all (1 ms)
      ΓêÜ should filter by customer_id if provided (1 ms)

  ΓùÅ SalesOrderService ΓÇ║ should calculate totals and discounts correctly during delivery

    TypeError: Cannot read properties of undefined (reading 'slice')

      1006 |                 amount: initialPayment,
      1007 |                 payment_method: deliveryData.payment_method || 'Cash',
    > 1008 |                 notes: `Payment for dispatch batch ${dispatchRecord.id.slice(-6).toUpperCase()}`,
           |                                                                        ^
      1009 |                 recorded_by: deliveryData.user_id
      1010 |             });
      1011 |             // Cash flow logging omitted for brevity but should be here

      at SalesOrderService.processDelivery (src/modules/sales-orders/sales-order.service.ts:1008:72)
      at Object.<anonymous> (src/modules/sales-orders/__tests__/sales-order.service.test.ts:104:9)

Test Suites: 1 failed, 1 total
Tests:       1 failed, 6 passed, 7 total
Snapshots:   0 total
Time:        2.542 s, estimated 3 s
Ran all test suites matching src/modules/sales-orders/__tests__/sales-order.service.test.ts.
Force exiting Jest: Have you considered using `--detectOpenHandles` to detect async operations that kept running after all tests finished?
